node_modules/react-router-dom/dist/index.d.ts(1,69): error TS2307: Cannot find module 'react-router/dom' or its corresponding type declarations.
  There are types at 'K:/THESIS/THESIS/norsu-system-react - Copy (2)/node_modules/react-router/dist/development/dom-export.d.mts', but this result could not be resolved under your current 'moduleResolution' setting. Consider updating to 'node16', 'nodenext', or 'bundler'.
node_modules/react-router/dist/development/index.d.ts(4,8): error TS1259: Module '"K:/THESIS/THESIS/norsu-system-react - Copy (2)/node_modules/@types/react/index"' can only be default-imported using the 'esModuleInterop' flag
node_modules/react-router/dist/development/instrumentation-DvHY1sgY.d.ts(408,5): error TS18028: Private identifiers are only available when targeting ECMAScript 2015 and higher.
src/pages/CareStaffDashboard.tsx(1,8): error TS1259: Module '"K:/THESIS/THESIS/norsu-system-react - Copy (2)/node_modules/@types/react/index"' can only be default-imported using the 'esModuleInterop' flag
src/pages/CareStaffDashboard.tsx(3,44): error TS6142: Module '../components/ClockDisplay' was resolved to 'K:/THESIS/THESIS/norsu-system-react - Copy (2)/src/components/ClockDisplay.tsx', but '--jsx' is not set.
src/pages/CareStaffDashboard.tsx(4,27): error TS6142: Module '../components/charts/QuestionChart' was resolved to 'K:/THESIS/THESIS/norsu-system-react - Copy (2)/src/components/charts/QuestionChart.tsx', but '--jsx' is not set.
src/pages/CareStaffDashboard.tsx(5,28): error TS6142: Module '../components/charts/YearLevelChart' was resolved to 'K:/THESIS/THESIS/norsu-system-react - Copy (2)/src/components/charts/YearLevelChart.tsx', but '--jsx' is not set.
src/pages/CareStaffDashboard.tsx(6,31): error TS6142: Module '../components/charts/TopQuestionsChart' was resolved to 'K:/THESIS/THESIS/norsu-system-react - Copy (2)/src/components/charts/TopQuestionsChart.tsx', but '--jsx' is not set.
src/pages/CareStaffDashboard.tsx(7,25): error TS6142: Module '../components/StatusBadge' was resolved to 'K:/THESIS/THESIS/norsu-system-react - Copy (2)/src/components/StatusBadge.tsx', but '--jsx' is not set.
src/pages/CareStaffDashboard.tsx(8,26): error TS6142: Module '../components/CalendarView' was resolved to 'K:/THESIS/THESIS/norsu-system-react - Copy (2)/src/components/CalendarView.tsx', but '--jsx' is not set.
src/pages/CareStaffDashboard.tsx(9,27): error TS6142: Module './carestaff/AuditLogsPage' was resolved to 'K:/THESIS/THESIS/norsu-system-react - Copy (2)/src/pages/carestaff/AuditLogsPage.tsx', but '--jsx' is not set.
src/pages/CareStaffDashboard.tsx(10,31): error TS6142: Module './carestaff/OfficeLogbookPage' was resolved to 'K:/THESIS/THESIS/norsu-system-react - Copy (2)/src/pages/carestaff/OfficeLogbookPage.tsx', but '--jsx' is not set.
src/pages/CareStaffDashboard.tsx(11,29): error TS6142: Module './carestaff/ScholarshipPage' was resolved to 'K:/THESIS/THESIS/norsu-system-react - Copy (2)/src/pages/carestaff/ScholarshipPage.tsx', but '--jsx' is not set.
src/pages/CareStaffDashboard.tsx(12,32): error TS6142: Module './carestaff/FormManagementPage' was resolved to 'K:/THESIS/THESIS/norsu-system-react - Copy (2)/src/pages/carestaff/FormManagementPage.tsx', but '--jsx' is not set.
src/pages/CareStaffDashboard.tsx(13,26): error TS6142: Module './carestaff/FeedbackPage' was resolved to 'K:/THESIS/THESIS/norsu-system-react - Copy (2)/src/pages/carestaff/FeedbackPage.tsx', but '--jsx' is not set.
src/pages/CareStaffDashboard.tsx(14,31): error TS6142: Module './carestaff/NATManagementPage' was resolved to 'K:/THESIS/THESIS/norsu-system-react - Copy (2)/src/pages/carestaff/NATManagementPage.tsx', but '--jsx' is not set.
src/pages/CareStaffDashboard.tsx(15,35): error TS6142: Module './carestaff/StudentPopulationPage' was resolved to 'K:/THESIS/THESIS/norsu-system-react - Copy (2)/src/pages/carestaff/StudentPopulationPage.tsx', but '--jsx' is not set.
src/pages/CareStaffDashboard.tsx(16,34): error TS6142: Module './carestaff/StudentAnalyticsPage' was resolved to 'K:/THESIS/THESIS/norsu-system-react - Copy (2)/src/pages/carestaff/StudentAnalyticsPage.tsx', but '--jsx' is not set.
src/pages/CareStaffDashboard.tsx(17,22): error TS6142: Module './carestaff/HomePage' was resolved to 'K:/THESIS/THESIS/norsu-system-react - Copy (2)/src/pages/carestaff/HomePage.tsx', but '--jsx' is not set.
src/pages/CareStaffDashboard.tsx(18,28): error TS6142: Module './carestaff/CounselingPage' was resolved to 'K:/THESIS/THESIS/norsu-system-react - Copy (2)/src/pages/carestaff/CounselingPage.tsx', but '--jsx' is not set.
src/pages/CareStaffDashboard.tsx(19,33): error TS6142: Module './carestaff/SupportRequestsPage' was resolved to 'K:/THESIS/THESIS/norsu-system-react - Copy (2)/src/pages/carestaff/SupportRequestsPage.tsx', but '--jsx' is not set.
src/pages/CareStaffDashboard.tsx(20,24): error TS6142: Module './carestaff/EventsPage' was resolved to 'K:/THESIS/THESIS/norsu-system-react - Copy (2)/src/pages/carestaff/EventsPage.tsx', but '--jsx' is not set.
src/pages/CareStaffDashboard.tsx(23,25): error TS6142: Module '../lib/auth' was resolved to 'K:/THESIS/THESIS/norsu-system-react - Copy (2)/src/lib/auth.tsx', but '--jsx' is not set.
src/pages/CareStaffDashboard.tsx(931,27): error TS17004: Cannot use JSX unless the '--jsx' flag is provided.
src/pages/CareStaffDashboard.tsx(933,36): error TS17004: Cannot use JSX unless the '--jsx' flag is provided.
src/pages/CareStaffDashboard.tsx(949,13): error TS17004: Cannot use JSX unless the '--jsx' flag is provided.
src/pages/CareStaffDashboard.tsx(950,24): error TS17004: Cannot use JSX unless the '--jsx' flag is provided.
src/pages/CareStaffDashboard.tsx(950,29): error TS17004: Cannot use JSX unless the '--jsx' flag is provided.
src/pages/CareStaffDashboard.tsx(950,200): error TS17004: Cannot use JSX unless the '--jsx' flag is provided.
src/pages/CareStaffDashboard.tsx(951,24): error TS17004: Cannot use JSX unless the '--jsx' flag is provided.
src/pages/CareStaffDashboard.tsx(951,29): error TS17004: Cannot use JSX unless the '--jsx' flag is provided.
src/pages/CareStaffDashboard.tsx(951,149): error TS17004: Cannot use JSX unless the '--jsx' flag is provided.
src/pages/CareStaffDashboard.tsx(952,24): error TS17004: Cannot use JSX unless the '--jsx' flag is provided.
src/pages/CareStaffDashboard.tsx(952,29): error TS17004: Cannot use JSX unless the '--jsx' flag is provided.
src/pages/CareStaffDashboard.tsx(952,183): error TS17004: Cannot use JSX unless the '--jsx' flag is provided.
src/pages/CareStaffDashboard.tsx(953,24): error TS17004: Cannot use JSX unless the '--jsx' flag is provided.
src/pages/CareStaffDashboard.tsx(953,29): error TS17004: Cannot use JSX unless the '--jsx' flag is provided.
src/pages/CareStaffDashboard.tsx(953,187): error TS17004: Cannot use JSX unless the '--jsx' flag is provided.
src/pages/CareStaffDashboard.tsx(980,40): error TS2802: Type 'Set<unknown>' can only be iterated through when using the '--downlevelIteration' flag or with a '--target' of 'es2015' or higher.
src/pages/CareStaffDashboard.tsx(1279,9): error TS17004: Cannot use JSX unless the '--jsx' flag is provided.
src/pages/CareStaffDashboard.tsx(1281,29): error TS17004: Cannot use JSX unless the '--jsx' flag is provided.
src/pages/CareStaffDashboard.tsx(1284,13): error TS17004: Cannot use JSX unless the '--jsx' flag is provided.
src/pages/CareStaffDashboard.tsx(1286,17): error TS17004: Cannot use JSX unless the '--jsx' flag is provided.
src/pages/CareStaffDashboard.tsx(1287,21): error TS17004: Cannot use JSX unless the '--jsx' flag is provided.
src/pages/CareStaffDashboard.tsx(1288,25): error TS17004: Cannot use JSX unless the '--jsx' flag is provided.
src/pages/CareStaffDashboard.tsx(1289,25): error TS17004: Cannot use JSX unless the '--jsx' flag is provided.
src/pages/CareStaffDashboard.tsx(1290,29): error TS17004: Cannot use JSX unless the '--jsx' flag is provided.
src/pages/CareStaffDashboard.tsx(1291,29): error TS17004: Cannot use JSX unless the '--jsx' flag is provided.
src/pages/CareStaffDashboard.tsx(1294,21): error TS17004: Cannot use JSX unless the '--jsx' flag is provided.
src/pages/CareStaffDashboard.tsx(1294,143): error TS17004: Cannot use JSX unless the '--jsx' flag is provided.
src/pages/CareStaffDashboard.tsx(1298,17): error TS17004: Cannot use JSX unless the '--jsx' flag is provided.
src/pages/CareStaffDashboard.tsx(1300,46): error TS17004: Cannot use JSX unless the '--jsx' flag is provided.
src/pages/CareStaffDashboard.tsx(1301,51): error TS17004: Cannot use JSX unless the '--jsx' flag is provided.
src/pages/CareStaffDashboard.tsx(1303,25): error TS17004: Cannot use JSX unless the '--jsx' flag is provided.
src/pages/CareStaffDashboard.tsx(1308,21): error TS17004: Cannot use JSX unless the '--jsx' flag is provided.
src/pages/CareStaffDashboard.tsx(1309,25): error TS17004: Cannot use JSX unless the '--jsx' flag is provided.
src/pages/CareStaffDashboard.tsx(1311,56): error TS17004: Cannot use JSX unless the '--jsx' flag is provided.
src/pages/CareStaffDashboard.tsx(1312,55): error TS17004: Cannot use JSX unless the '--jsx' flag is provided.
src/pages/CareStaffDashboard.tsx(1314,29): error TS17004: Cannot use JSX unless the '--jsx' flag is provided.
src/pages/CareStaffDashboard.tsx(1320,21): error TS17004: Cannot use JSX unless the '--jsx' flag is provided.
src/pages/CareStaffDashboard.tsx(1321,25): error TS17004: Cannot use JSX unless the '--jsx' flag is provided.
src/pages/CareStaffDashboard.tsx(1323,49): error TS17004: Cannot use JSX unless the '--jsx' flag is provided.
src/pages/CareStaffDashboard.tsx(1324,56): error TS17004: Cannot use JSX unless the '--jsx' flag is provided.
src/pages/CareStaffDashboard.tsx(1325,53): error TS17004: Cannot use JSX unless the '--jsx' flag is provided.
src/pages/CareStaffDashboard.tsx(1326,52): error TS17004: Cannot use JSX unless the '--jsx' flag is provided.
src/pages/CareStaffDashboard.tsx(1327,57): error TS17004: Cannot use JSX unless the '--jsx' flag is provided.
src/pages/CareStaffDashboard.tsx(1329,29): error TS17004: Cannot use JSX unless the '--jsx' flag is provided.
src/pages/CareStaffDashboard.tsx(1335,21): error TS17004: Cannot use JSX unless the '--jsx' flag is provided.
src/pages/CareStaffDashboard.tsx(1336,25): error TS17004: Cannot use JSX unless the '--jsx' flag is provided.
src/pages/CareStaffDashboard.tsx(1338,51): error TS17004: Cannot use JSX unless the '--jsx' flag is provided.
src/pages/CareStaffDashboard.tsx(1339,54): error TS17004: Cannot use JSX unless the '--jsx' flag is provided.
src/pages/CareStaffDashboard.tsx(1340,51): error TS17004: Cannot use JSX unless the '--jsx' flag is provided.
src/pages/CareStaffDashboard.tsx(1341,53): error TS17004: Cannot use JSX unless the '--jsx' flag is provided.
src/pages/CareStaffDashboard.tsx(1343,29): error TS17004: Cannot use JSX unless the '--jsx' flag is provided.
src/pages/CareStaffDashboard.tsx(1351,17): error TS17004: Cannot use JSX unless the '--jsx' flag is provided.
src/pages/CareStaffDashboard.tsx(1352,21): error TS17004: Cannot use JSX unless the '--jsx' flag is provided.
src/pages/CareStaffDashboard.tsx(1353,25): error TS17004: Cannot use JSX unless the '--jsx' flag is provided.
src/pages/CareStaffDashboard.tsx(1359,13): error TS17004: Cannot use JSX unless the '--jsx' flag is provided.
src/pages/CareStaffDashboard.tsx(1361,17): error TS17004: Cannot use JSX unless the '--jsx' flag is provided.
src/pages/CareStaffDashboard.tsx(1362,21): error TS17004: Cannot use JSX unless the '--jsx' flag is provided.
src/pages/CareStaffDashboard.tsx(1363,25): error TS17004: Cannot use JSX unless the '--jsx' flag is provided.
src/pages/CareStaffDashboard.tsx(1363,177): error TS17004: Cannot use JSX unless the '--jsx' flag is provided.
src/pages/CareStaffDashboard.tsx(1364,25): error TS17004: Cannot use JSX unless the '--jsx' flag is provided.
src/pages/CareStaffDashboard.tsx(1366,21): error TS17004: Cannot use JSX unless the '--jsx' flag is provided.
src/pages/CareStaffDashboard.tsx(1367,25): error TS17004: Cannot use JSX unless the '--jsx' flag is provided.
src/pages/CareStaffDashboard.tsx(1368,29): error TS17004: Cannot use JSX unless the '--jsx' flag is provided.
src/pages/CareStaffDashboard.tsx(1370,25): error TS17004: Cannot use JSX unless the '--jsx' flag is provided.
src/pages/CareStaffDashboard.tsx(1371,29): error TS17004: Cannot use JSX unless the '--jsx' flag is provided.
src/pages/CareStaffDashboard.tsx(1372,58): error TS17004: Cannot use JSX unless the '--jsx' flag is provided.
src/pages/CareStaffDashboard.tsx(1377,17): error TS17004: Cannot use JSX unless the '--jsx' flag is provided.
src/pages/CareStaffDashboard.tsx(1378,46): error TS17004: Cannot use JSX unless the '--jsx' flag is provided.
src/pages/CareStaffDashboard.tsx(1379,52): error TS17004: Cannot use JSX unless the '--jsx' flag is provided.
src/pages/CareStaffDashboard.tsx(1381,25): error TS17004: Cannot use JSX unless the '--jsx' flag is provided.
src/pages/CareStaffDashboard.tsx(1382,29): error TS17004: Cannot use JSX unless the '--jsx' flag is provided.
src/pages/CareStaffDashboard.tsx(1384,95): error TS17004: Cannot use JSX unless the '--jsx' flag is provided.
src/pages/CareStaffDashboard.tsx(1385,91): error TS17004: Cannot use JSX unless the '--jsx' flag is provided.
src/pages/CareStaffDashboard.tsx(1386,90): error TS17004: Cannot use JSX unless the '--jsx' flag is provided.
src/pages/CareStaffDashboard.tsx(1387,84): error TS17004: Cannot use JSX unless the '--jsx' flag is provided.
src/pages/CareStaffDashboard.tsx(1389,37): error TS17004: Cannot use JSX unless the '--jsx' flag is provided.
src/pages/CareStaffDashboard.tsx(1390,41): error TS17004: Cannot use JSX unless the '--jsx' flag is provided.
src/pages/CareStaffDashboard.tsx(1391,45): error TS17004: Cannot use JSX unless the '--jsx' flag is provided.
src/pages/CareStaffDashboard.tsx(1392,45): error TS17004: Cannot use JSX unless the '--jsx' flag is provided.
src/pages/CareStaffDashboard.tsx(1394,41): error TS17004: Cannot use JSX unless the '--jsx' flag is provided.
src/pages/CareStaffDashboard.tsx(1399,29): error TS17004: Cannot use JSX unless the '--jsx' flag is provided.
src/pages/CareStaffDashboard.tsx(1401,33): error TS17004: Cannot use JSX unless the '--jsx' flag is provided.
src/pages/CareStaffDashboard.tsx(1402,37): error TS17004: Cannot use JSX unless the '--jsx' flag is provided.
src/pages/CareStaffDashboard.tsx(1402,106): error TS17004: Cannot use JSX unless the '--jsx' flag is provided.
src/pages/CareStaffDashboard.tsx(1403,37): error TS17004: Cannot use JSX unless the '--jsx' flag is provided.
src/pages/CareStaffDashboard.tsx(1410,87): error TS17004: Cannot use JSX unless the '--jsx' flag is provided.
src/pages/CareStaffDashboard.tsx(1410,108): error TS17004: Cannot use JSX unless the '--jsx' flag is provided.
src/pages/CareStaffDashboard.tsx(1419,59): error TS17004: Cannot use JSX unless the '--jsx' flag is provided.
src/pages/CareStaffDashboard.tsx(1428,59): error TS17004: Cannot use JSX unless the '--jsx' flag is provided.
src/pages/CareStaffDashboard.tsx(1437,59): error TS17004: Cannot use JSX unless the '--jsx' flag is provided.
src/pages/CareStaffDashboard.tsx(1446,56): error TS17004: Cannot use JSX unless the '--jsx' flag is provided.
src/pages/CareStaffDashboard.tsx(1450,49): error TS17004: Cannot use JSX unless the '--jsx' flag is provided.
src/pages/CareStaffDashboard.tsx(1451,53): error TS17004: Cannot use JSX unless the '--jsx' flag is provided.
src/pages/CareStaffDashboard.tsx(1454,53): error TS17004: Cannot use JSX unless the '--jsx' flag is provided.
src/pages/CareStaffDashboard.tsx(1455,57): error TS17004: Cannot use JSX unless the '--jsx' flag is provided.
src/pages/CareStaffDashboard.tsx(1456,57): error TS17004: Cannot use JSX unless the '--jsx' flag is provided.
src/pages/CareStaffDashboard.tsx(1458,53): error TS17004: Cannot use JSX unless the '--jsx' flag is provided.
src/pages/CareStaffDashboard.tsx(1459,57): error TS17004: Cannot use JSX unless the '--jsx' flag is provided.
src/pages/CareStaffDashboard.tsx(1465,57): error TS17004: Cannot use JSX unless the '--jsx' flag is provided.
src/pages/CareStaffDashboard.tsx(1474,33): error TS17004: Cannot use JSX unless the '--jsx' flag is provided.
src/pages/CareStaffDashboard.tsx(1475,37): error TS17004: Cannot use JSX unless the '--jsx' flag is provided.
src/pages/CareStaffDashboard.tsx(1475,106): error TS17004: Cannot use JSX unless the '--jsx' flag is provided.
src/pages/CareStaffDashboard.tsx(1476,37): error TS17004: Cannot use JSX unless the '--jsx' flag is provided.
src/pages/CareStaffDashboard.tsx(1477,41): error TS17004: Cannot use JSX unless the '--jsx' flag is provided.
src/pages/CareStaffDashboard.tsx(1481,45): error TS17004: Cannot use JSX unless the '--jsx' flag is provided.
src/pages/CareStaffDashboard.tsx(1482,49): error TS17004: Cannot use JSX unless the '--jsx' flag is provided.
src/pages/CareStaffDashboard.tsx(1484,45): error TS17004: Cannot use JSX unless the '--jsx' flag is provided.
src/pages/CareStaffDashboard.tsx(1485,49): error TS17004: Cannot use JSX unless the '--jsx' flag is provided.
src/pages/CareStaffDashboard.tsx(1486,49): error TS17004: Cannot use JSX unless the '--jsx' flag is provided.
src/pages/CareStaffDashboard.tsx(1488,45): error TS17004: Cannot use JSX unless the '--jsx' flag is provided.
src/pages/CareStaffDashboard.tsx(1491,41): error TS17004: Cannot use JSX unless the '--jsx' flag is provided.
src/pages/CareStaffDashboard.tsx(1495,45): error TS17004: Cannot use JSX unless the '--jsx' flag is provided.
src/pages/CareStaffDashboard.tsx(1496,49): error TS17004: Cannot use JSX unless the '--jsx' flag is provided.
src/pages/CareStaffDashboard.tsx(1498,45): error TS17004: Cannot use JSX unless the '--jsx' flag is provided.
src/pages/CareStaffDashboard.tsx(1499,49): error TS17004: Cannot use JSX unless the '--jsx' flag is provided.
src/pages/CareStaffDashboard.tsx(1500,49): error TS17004: Cannot use JSX unless the '--jsx' flag is provided.
src/pages/CareStaffDashboard.tsx(1502,45): error TS17004: Cannot use JSX unless the '--jsx' flag is provided.
src/pages/CareStaffDashboard.tsx(1505,41): error TS17004: Cannot use JSX unless the '--jsx' flag is provided.
src/pages/CareStaffDashboard.tsx(1509,45): error TS17004: Cannot use JSX unless the '--jsx' flag is provided.
src/pages/CareStaffDashboard.tsx(1510,49): error TS17004: Cannot use JSX unless the '--jsx' flag is provided.
src/pages/CareStaffDashboard.tsx(1512,45): error TS17004: Cannot use JSX unless the '--jsx' flag is provided.
src/pages/CareStaffDashboard.tsx(1513,49): error TS17004: Cannot use JSX unless the '--jsx' flag is provided.
src/pages/CareStaffDashboard.tsx(1514,49): error TS17004: Cannot use JSX unless the '--jsx' flag is provided.
src/pages/CareStaffDashboard.tsx(1516,45): error TS17004: Cannot use JSX unless the '--jsx' flag is provided.
src/pages/CareStaffDashboard.tsx(1521,37): error TS17004: Cannot use JSX unless the '--jsx' flag is provided.
src/pages/CareStaffDashboard.tsx(1522,41): error TS17004: Cannot use JSX unless the '--jsx' flag is provided.
src/pages/CareStaffDashboard.tsx(1523,45): error TS17004: Cannot use JSX unless the '--jsx' flag is provided.
src/pages/CareStaffDashboard.tsx(1524,45): error TS17004: Cannot use JSX unless the '--jsx' flag is provided.
src/pages/CareStaffDashboard.tsx(1532,51): error TS17004: Cannot use JSX unless the '--jsx' flag is provided.
src/pages/CareStaffDashboard.tsx(1533,45): error TS17004: Cannot use JSX unless the '--jsx' flag is provided.
src/pages/CareStaffDashboard.tsx(1537,25): error TS17004: Cannot use JSX unless the '--jsx' flag is provided.
src/pages/CareStaffDashboard.tsx(1538,29): error TS17004: Cannot use JSX unless the '--jsx' flag is provided.
src/pages/CareStaffDashboard.tsx(1539,33): error TS17004: Cannot use JSX unless the '--jsx' flag is provided.
src/pages/CareStaffDashboard.tsx(1540,33): error TS17004: Cannot use JSX unless the '--jsx' flag is provided.
src/pages/CareStaffDashboard.tsx(1541,37): error TS17004: Cannot use JSX unless the '--jsx' flag is provided.
src/pages/CareStaffDashboard.tsx(1541,83): error TS17004: Cannot use JSX unless the '--jsx' flag is provided.
src/pages/CareStaffDashboard.tsx(1541,170): error TS17004: Cannot use JSX unless the '--jsx' flag is provided.
src/pages/CareStaffDashboard.tsx(1542,37): error TS17004: Cannot use JSX unless the '--jsx' flag is provided.
src/pages/CareStaffDashboard.tsx(1542,199): error TS17004: Cannot use JSX unless the '--jsx' flag is provided.
src/pages/CareStaffDashboard.tsx(1545,29): error TS17004: Cannot use JSX unless the '--jsx' flag is provided.
src/pages/CareStaffDashboard.tsx(1546,33): error TS17004: Cannot use JSX unless the '--jsx' flag is provided.
src/pages/CareStaffDashboard.tsx(1547,37): error TS17004: Cannot use JSX unless the '--jsx' flag is provided.
src/pages/CareStaffDashboard.tsx(1547,113): error TS17004: Cannot use JSX unless the '--jsx' flag is provided.
src/pages/CareStaffDashboard.tsx(1547,117): error TS17004: Cannot use JSX unless the '--jsx' flag is provided.
src/pages/CareStaffDashboard.tsx(1547,151): error TS17004: Cannot use JSX unless the '--jsx' flag is provided.
src/pages/CareStaffDashboard.tsx(1547,183): error TS17004: Cannot use JSX unless the '--jsx' flag is provided.
src/pages/CareStaffDashboard.tsx(1547,218): error TS17004: Cannot use JSX unless the '--jsx' flag is provided.
src/pages/CareStaffDashboard.tsx(1547,249): error TS17004: Cannot use JSX unless the '--jsx' flag is provided.
src/pages/CareStaffDashboard.tsx(1548,37): error TS17004: Cannot use JSX unless the '--jsx' flag is provided.
src/pages/CareStaffDashboard.tsx(1550,45): error TS17004: Cannot use JSX unless the '--jsx' flag is provided.
src/pages/CareStaffDashboard.tsx(1551,49): error TS17004: Cannot use JSX unless the '--jsx' flag is provided.
src/pages/CareStaffDashboard.tsx(1551,69): error TS17004: Cannot use JSX unless the '--jsx' flag is provided.
src/pages/CareStaffDashboard.tsx(1551,144): error TS17004: Cannot use JSX unless the '--jsx' flag is provided.
src/pages/CareStaffDashboard.tsx(1552,49): error TS17004: Cannot use JSX unless the '--jsx' flag is provided.
src/pages/CareStaffDashboard.tsx(1552,69): error TS17004: Cannot use JSX unless the '--jsx' flag is provided.
src/pages/CareStaffDashboard.tsx(1552,87): error TS17004: Cannot use JSX unless the '--jsx' flag is provided.
src/pages/CareStaffDashboard.tsx(1553,49): error TS17004: Cannot use JSX unless the '--jsx' flag is provided.
src/pages/CareStaffDashboard.tsx(1554,49): error TS17004: Cannot use JSX unless the '--jsx' flag is provided.
src/pages/CareStaffDashboard.tsx(1554,69): error TS17004: Cannot use JSX unless the '--jsx' flag is provided.
src/pages/CareStaffDashboard.tsx(1555,49): error TS17004: Cannot use JSX unless the '--jsx' flag is provided.
src/pages/CareStaffDashboard.tsx(1555,80): error TS17004: Cannot use JSX unless the '--jsx' flag is provided.
src/pages/CareStaffDashboard.tsx(1564,52): error TS17004: Cannot use JSX unless the '--jsx' flag is provided.
src/pages/CareStaffDashboard.tsx(1574,49): error TS17004: Cannot use JSX unless the '--jsx' flag is provided.
src/pages/CareStaffDashboard.tsx(1580,48): error TS17004: Cannot use JSX unless the '--jsx' flag is provided.
src/pages/CareStaffDashboard.tsx(1586,47): error TS17004: Cannot use JSX unless the '--jsx' flag is provided.
src/pages/CareStaffDashboard.tsx(1587,50): error TS17004: Cannot use JSX unless the '--jsx' flag is provided.
src/pages/CareStaffDashboard.tsx(1588,47): error TS17004: Cannot use JSX unless the '--jsx' flag is provided.
src/pages/CareStaffDashboard.tsx(1589,49): error TS17004: Cannot use JSX unless the '--jsx' flag is provided.
src/pages/CareStaffDashboard.tsx(1592,25): error TS17004: Cannot use JSX unless the '--jsx' flag is provided.
src/pages/CareStaffDashboard.tsx(1593,29): error TS17004: Cannot use JSX unless the '--jsx' flag is provided.
src/pages/CareStaffDashboard.tsx(1594,33): error TS17004: Cannot use JSX unless the '--jsx' flag is provided.
src/pages/CareStaffDashboard.tsx(1595,37): error TS17004: Cannot use JSX unless the '--jsx' flag is provided.
src/pages/CareStaffDashboard.tsx(1596,37): error TS17004: Cannot use JSX unless the '--jsx' flag is provided.
src/pages/CareStaffDashboard.tsx(1598,33): error TS17004: Cannot use JSX unless the '--jsx' flag is provided.
src/pages/CareStaffDashboard.tsx(1599,37): error TS17004: Cannot use JSX unless the '--jsx' flag is provided.
src/pages/CareStaffDashboard.tsx(1603,29): error TS17004: Cannot use JSX unless the '--jsx' flag is provided.
src/pages/CareStaffDashboard.tsx(1605,37): error TS17004: Cannot use JSX unless the '--jsx' flag is provided.
src/pages/CareStaffDashboard.tsx(1606,41): error TS17004: Cannot use JSX unless the '--jsx' flag is provided.
src/pages/CareStaffDashboard.tsx(1607,45): error TS17004: Cannot use JSX unless the '--jsx' flag is provided.
src/pages/CareStaffDashboard.tsx(1608,49): error TS17004: Cannot use JSX unless the '--jsx' flag is provided.
src/pages/CareStaffDashboard.tsx(1609,53): error TS17004: Cannot use JSX unless the '--jsx' flag is provided.
src/pages/CareStaffDashboard.tsx(1611,49): error TS17004: Cannot use JSX unless the '--jsx' flag is provided.
src/pages/CareStaffDashboard.tsx(1615,45): error TS17004: Cannot use JSX unless the '--jsx' flag is provided.
src/pages/CareStaffDashboard.tsx(1616,45): error TS17004: Cannot use JSX unless the '--jsx' flag is provided.
src/pages/CareStaffDashboard.tsx(1618,41): error TS17004: Cannot use JSX unless the '--jsx' flag is provided.
src/pages/CareStaffDashboard.tsx(1619,45): error TS17004: Cannot use JSX unless the '--jsx' flag is provided.
src/pages/CareStaffDashboard.tsx(1620,45): error TS17004: Cannot use JSX unless the '--jsx' flag is provided.
src/pages/CareStaffDashboard.tsx(1620,177): error TS17004: Cannot use JSX unless the '--jsx' flag is provided.
src/pages/CareStaffDashboard.tsx(1625,37): error TS17004: Cannot use JSX unless the '--jsx' flag is provided.
src/pages/CareStaffDashboard.tsx(1626,41): error TS17004: Cannot use JSX unless the '--jsx' flag is provided.
src/pages/CareStaffDashboard.tsx(1638,17): error TS17004: Cannot use JSX unless the '--jsx' flag is provided.
src/pages/CareStaffDashboard.tsx(1639,21): error TS17004: Cannot use JSX unless the '--jsx' flag is provided.
src/pages/CareStaffDashboard.tsx(1640,25): error TS17004: Cannot use JSX unless the '--jsx' flag is provided.
src/pages/CareStaffDashboard.tsx(1641,29): error TS17004: Cannot use JSX unless the '--jsx' flag is provided.
src/pages/CareStaffDashboard.tsx(1642,29): error TS17004: Cannot use JSX unless the '--jsx' flag is provided.
src/pages/CareStaffDashboard.tsx(1642,149): error TS17004: Cannot use JSX unless the '--jsx' flag is provided.
src/pages/CareStaffDashboard.tsx(1644,25): error TS17004: Cannot use JSX unless the '--jsx' flag is provided.
src/pages/CareStaffDashboard.tsx(1645,29): error TS17004: Cannot use JSX unless the '--jsx' flag is provided.
src/pages/CareStaffDashboard.tsx(1646,33): error TS17004: Cannot use JSX unless the '--jsx' flag is provided.
src/pages/CareStaffDashboard.tsx(1646,38): error TS17004: Cannot use JSX unless the '--jsx' flag is provided.
src/pages/CareStaffDashboard.tsx(1646,116): error TS17004: Cannot use JSX unless the '--jsx' flag is provided.
src/pages/CareStaffDashboard.tsx(1647,33): error TS17004: Cannot use JSX unless the '--jsx' flag is provided.
src/pages/CareStaffDashboard.tsx(1647,38): error TS17004: Cannot use JSX unless the '--jsx' flag is provided.
src/pages/CareStaffDashboard.tsx(1647,124): error TS17004: Cannot use JSX unless the '--jsx' flag is provided.
src/pages/CareStaffDashboard.tsx(1649,29): error TS17004: Cannot use JSX unless the '--jsx' flag is provided.
src/pages/CareStaffDashboard.tsx(1650,33): error TS17004: Cannot use JSX unless the '--jsx' flag is provided.
src/pages/CareStaffDashboard.tsx(1650,88): error TS17004: Cannot use JSX unless the '--jsx' flag is provided.
src/pages/CareStaffDashboard.tsx(1651,33): error TS17004: Cannot use JSX unless the '--jsx' flag is provided.
src/pages/CareStaffDashboard.tsx(1652,37): error TS17004: Cannot use JSX unless the '--jsx' flag is provided.
src/pages/CareStaffDashboard.tsx(1652,42): error TS17004: Cannot use JSX unless the '--jsx' flag is provided.
src/pages/CareStaffDashboard.tsx(1652,92): error TS17004: Cannot use JSX unless the '--jsx' flag is provided.
src/pages/CareStaffDashboard.tsx(1653,37): error TS17004: Cannot use JSX unless the '--jsx' flag is provided.
src/pages/CareStaffDashboard.tsx(1653,42): error TS17004: Cannot use JSX unless the '--jsx' flag is provided.
src/pages/CareStaffDashboard.tsx(1653,93): error TS17004: Cannot use JSX unless the '--jsx' flag is provided.
src/pages/CareStaffDashboard.tsx(1654,37): error TS17004: Cannot use JSX unless the '--jsx' flag is provided.
src/pages/CareStaffDashboard.tsx(1654,42): error TS17004: Cannot use JSX unless the '--jsx' flag is provided.
src/pages/CareStaffDashboard.tsx(1654,96): error TS17004: Cannot use JSX unless the '--jsx' flag is provided.
src/pages/CareStaffDashboard.tsx(1655,37): error TS17004: Cannot use JSX unless the '--jsx' flag is provided.
src/pages/CareStaffDashboard.tsx(1655,42): error TS17004: Cannot use JSX unless the '--jsx' flag is provided.
src/pages/CareStaffDashboard.tsx(1655,96): error TS17004: Cannot use JSX unless the '--jsx' flag is provided.
src/pages/CareStaffDashboard.tsx(1658,29): error TS17004: Cannot use JSX unless the '--jsx' flag is provided.
src/pages/CareStaffDashboard.tsx(1659,33): error TS17004: Cannot use JSX unless the '--jsx' flag is provided.
src/pages/CareStaffDashboard.tsx(1660,33): error TS17004: Cannot use JSX unless the '--jsx' flag is provided.
src/pages/CareStaffDashboard.tsx(1661,33): error TS17004: Cannot use JSX unless the '--jsx' flag is provided.
src/pages/CareStaffDashboard.tsx(1661,258): error TS17004: Cannot use JSX unless the '--jsx' flag is provided.
src/pages/CareStaffDashboard.tsx(1670,17): error TS17004: Cannot use JSX unless the '--jsx' flag is provided.
src/pages/CareStaffDashboard.tsx(1671,21): error TS17004: Cannot use JSX unless the '--jsx' flag is provided.
src/pages/CareStaffDashboard.tsx(1672,25): error TS17004: Cannot use JSX unless the '--jsx' flag is provided.
src/pages/CareStaffDashboard.tsx(1673,25): error TS17004: Cannot use JSX unless the '--jsx' flag is provided.
src/pages/CareStaffDashboard.tsx(1674,25): error TS17004: Cannot use JSX unless the '--jsx' flag is provided.
src/pages/CareStaffDashboard.tsx(1675,29): error TS17004: Cannot use JSX unless the '--jsx' flag is provided.
src/pages/CareStaffDashboard.tsx(1675,34): error TS17004: Cannot use JSX unless the '--jsx' flag is provided.
src/pages/CareStaffDashboard.tsx(1675,108): error TS17004: Cannot use JSX unless the '--jsx' flag is provided.
src/pages/CareStaffDashboard.tsx(1676,29): error TS17004: Cannot use JSX unless the '--jsx' flag is provided.
src/pages/CareStaffDashboard.tsx(1676,34): error TS17004: Cannot use JSX unless the '--jsx' flag is provided.
src/pages/CareStaffDashboard.tsx(1676,108): error TS17004: Cannot use JSX unless the '--jsx' flag is provided.
src/pages/CareStaffDashboard.tsx(1677,29): error TS17004: Cannot use JSX unless the '--jsx' flag is provided.
src/pages/CareStaffDashboard.tsx(1677,34): error TS17004: Cannot use JSX unless the '--jsx' flag is provided.
src/pages/CareStaffDashboard.tsx(1678,33): error TS17004: Cannot use JSX unless the '--jsx' flag is provided.
src/pages/CareStaffDashboard.tsx(1680,29): error TS17004: Cannot use JSX unless the '--jsx' flag is provided.
src/pages/CareStaffDashboard.tsx(1688,17): error TS17004: Cannot use JSX unless the '--jsx' flag is provided.
src/pages/CareStaffDashboard.tsx(1689,21): error TS17004: Cannot use JSX unless the '--jsx' flag is provided.
src/pages/CareStaffDashboard.tsx(1690,25): error TS17004: Cannot use JSX unless the '--jsx' flag is provided.
src/pages/CareStaffDashboard.tsx(1691,29): error TS17004: Cannot use JSX unless the '--jsx' flag is provided.
src/pages/CareStaffDashboard.tsx(1692,29): error TS17004: Cannot use JSX unless the '--jsx' flag is provided.
src/pages/CareStaffDashboard.tsx(1692,84): error TS17004: Cannot use JSX unless the '--jsx' flag is provided.
src/pages/CareStaffDashboard.tsx(1694,25): error TS17004: Cannot use JSX unless the '--jsx' flag is provided.
src/pages/CareStaffDashboard.tsx(1695,29): error TS17004: Cannot use JSX unless the '--jsx' flag is provided.
src/pages/CareStaffDashboard.tsx(1695,34): error TS17004: Cannot use JSX unless the '--jsx' flag is provided.
src/pages/CareStaffDashboard.tsx(1695,121): error TS17004: Cannot use JSX unless the '--jsx' flag is provided.
src/pages/CareStaffDashboard.tsx(1696,29): error TS17004: Cannot use JSX unless the '--jsx' flag is provided.
src/pages/CareStaffDashboard.tsx(1696,34): error TS17004: Cannot use JSX unless the '--jsx' flag is provided.
src/pages/CareStaffDashboard.tsx(1696,115): error TS17004: Cannot use JSX unless the '--jsx' flag is provided.
src/pages/CareStaffDashboard.tsx(1697,29): error TS17004: Cannot use JSX unless the '--jsx' flag is provided.
src/pages/CareStaffDashboard.tsx(1697,34): error TS17004: Cannot use JSX unless the '--jsx' flag is provided.
src/pages/CareStaffDashboard.tsx(1697,116): error TS17004: Cannot use JSX unless the '--jsx' flag is provided.
src/pages/CareStaffDashboard.tsx(1698,29): error TS17004: Cannot use JSX unless the '--jsx' flag is provided.
src/pages/CareStaffDashboard.tsx(1698,34): error TS17004: Cannot use JSX unless the '--jsx' flag is provided.
src/pages/CareStaffDashboard.tsx(1698,112): error TS17004: Cannot use JSX unless the '--jsx' flag is provided.
src/pages/CareStaffDashboard.tsx(1700,29): error TS17004: Cannot use JSX unless the '--jsx' flag is provided.
src/pages/CareStaffDashboard.tsx(1708,17): error TS17004: Cannot use JSX unless the '--jsx' flag is provided.
src/pages/CareStaffDashboard.tsx(1709,21): error TS17004: Cannot use JSX unless the '--jsx' flag is provided.
src/pages/CareStaffDashboard.tsx(1710,25): error TS17004: Cannot use JSX unless the '--jsx' flag is provided.
src/pages/CareStaffDashboard.tsx(1711,29): error TS17004: Cannot use JSX unless the '--jsx' flag is provided.
src/pages/CareStaffDashboard.tsx(1711,34): error TS17004: Cannot use JSX unless the '--jsx' flag is provided.
src/pages/CareStaffDashboard.tsx(1711,88): error TS17004: Cannot use JSX unless the '--jsx' flag is provided.
src/pages/CareStaffDashboard.tsx(1712,29): error TS17004: Cannot use JSX unless the '--jsx' flag is provided.
src/pages/CareStaffDashboard.tsx(1713,33): error TS17004: Cannot use JSX unless the '--jsx' flag is provided.
src/pages/CareStaffDashboard.tsx(1713,210): error TS17004: Cannot use JSX unless the '--jsx' flag is provided.
src/pages/CareStaffDashboard.tsx(1714,33): error TS17004: Cannot use JSX unless the '--jsx' flag is provided.
src/pages/CareStaffDashboard.tsx(1714,86): error TS17004: Cannot use JSX unless the '--jsx' flag is provided.
src/pages/CareStaffDashboard.tsx(1717,25): error TS17004: Cannot use JSX unless the '--jsx' flag is provided.
src/pages/CareStaffDashboard.tsx(1718,60): error TS17004: Cannot use JSX unless the '--jsx' flag is provided.
src/pages/CareStaffDashboard.tsx(1719,33): error TS17004: Cannot use JSX unless the '--jsx' flag is provided.
src/pages/CareStaffDashboard.tsx(1720,37): error TS17004: Cannot use JSX unless the '--jsx' flag is provided.
src/pages/CareStaffDashboard.tsx(1720,112): error TS17004: Cannot use JSX unless the '--jsx' flag is provided.
src/pages/CareStaffDashboard.tsx(1720,116): error TS17004: Cannot use JSX unless the '--jsx' flag is provided.
src/pages/CareStaffDashboard.tsx(1720,159): error TS17004: Cannot use JSX unless the '--jsx' flag is provided.
src/pages/CareStaffDashboard.tsx(1720,203): error TS17004: Cannot use JSX unless the '--jsx' flag is provided.
src/pages/CareStaffDashboard.tsx(1720,241): error TS17004: Cannot use JSX unless the '--jsx' flag is provided.
src/pages/CareStaffDashboard.tsx(1721,37): error TS17004: Cannot use JSX unless the '--jsx' flag is provided.
src/pages/CareStaffDashboard.tsx(1723,45): error TS17004: Cannot use JSX unless the '--jsx' flag is provided.
src/pages/CareStaffDashboard.tsx(1724,49): error TS17004: Cannot use JSX unless the '--jsx' flag is provided.
src/pages/CareStaffDashboard.tsx(1724,75): error TS17004: Cannot use JSX unless the '--jsx' flag is provided.
src/pages/CareStaffDashboard.tsx(1724,136): error TS17004: Cannot use JSX unless the '--jsx' flag is provided.
src/pages/CareStaffDashboard.tsx(1725,49): error TS17004: Cannot use JSX unless the '--jsx' flag is provided.
src/pages/CareStaffDashboard.tsx(1726,49): error TS17004: Cannot use JSX unless the '--jsx' flag is provided.
src/pages/CareStaffDashboard.tsx(1727,49): error TS17004: Cannot use JSX unless the '--jsx' flag is provided.
src/pages/CareStaffDashboard.tsx(1740,17): error TS17004: Cannot use JSX unless the '--jsx' flag is provided.
src/pages/CareStaffDashboard.tsx(1741,21): error TS17004: Cannot use JSX unless the '--jsx' flag is provided.
src/pages/CareStaffDashboard.tsx(1742,25): error TS17004: Cannot use JSX unless the '--jsx' flag is provided.
src/pages/CareStaffDashboard.tsx(1743,29): error TS17004: Cannot use JSX unless the '--jsx' flag is provided.
src/pages/CareStaffDashboard.tsx(1744,29): error TS17004: Cannot use JSX unless the '--jsx' flag is provided.
src/pages/CareStaffDashboard.tsx(1744,173): error TS17004: Cannot use JSX unless the '--jsx' flag is provided.
src/pages/CareStaffDashboard.tsx(1746,25): error TS17004: Cannot use JSX unless the '--jsx' flag is provided.
src/pages/CareStaffDashboard.tsx(1747,29): error TS17004: Cannot use JSX unless the '--jsx' flag is provided.
src/pages/CareStaffDashboard.tsx(1748,33): error TS17004: Cannot use JSX unless the '--jsx' flag is provided.
src/pages/CareStaffDashboard.tsx(1748,38): error TS17004: Cannot use JSX unless the '--jsx' flag is provided.
src/pages/CareStaffDashboard.tsx(1749,37): error TS17004: Cannot use JSX unless the '--jsx' flag is provided.
src/pages/CareStaffDashboard.tsx(1750,41): error TS17004: Cannot use JSX unless the '--jsx' flag is provided.
src/pages/CareStaffDashboard.tsx(1751,41): error TS17004: Cannot use JSX unless the '--jsx' flag is provided.
src/pages/CareStaffDashboard.tsx(1754,33): error TS17004: Cannot use JSX unless the '--jsx' flag is provided.
src/pages/CareStaffDashboard.tsx(1754,38): error TS17004: Cannot use JSX unless the '--jsx' flag is provided.
src/pages/CareStaffDashboard.tsx(1754,113): error TS17004: Cannot use JSX unless the '--jsx' flag is provided.
src/pages/CareStaffDashboard.tsx(1755,33): error TS17004: Cannot use JSX unless the '--jsx' flag is provided.
src/pages/CareStaffDashboard.tsx(1755,38): error TS17004: Cannot use JSX unless the '--jsx' flag is provided.
src/pages/CareStaffDashboard.tsx(1755,119): error TS17004: Cannot use JSX unless the '--jsx' flag is provided.
src/pages/CareStaffDashboard.tsx(1757,33): error TS17004: Cannot use JSX unless the '--jsx' flag is provided.
src/pages/CareStaffDashboard.tsx(1758,37): error TS17004: Cannot use JSX unless the '--jsx' flag is provided.
src/pages/CareStaffDashboard.tsx(1758,42): error TS17004: Cannot use JSX unless the '--jsx' flag is provided.
src/pages/CareStaffDashboard.tsx(1758,116): error TS17004: Cannot use JSX unless the '--jsx' flag is provided.
src/pages/CareStaffDashboard.tsx(1760,41): error TS17004: Cannot use JSX unless the '--jsx' flag is provided.
src/pages/CareStaffDashboard.tsx(1760,46): error TS17004: Cannot use JSX unless the '--jsx' flag is provided.
src/pages/CareStaffDashboard.tsx(1760,126): error TS17004: Cannot use JSX unless the '--jsx' flag is provided.
src/pages/CareStaffDashboard.tsx(1765,37): error TS17004: Cannot use JSX unless the '--jsx' flag is provided.
src/pages/CareStaffDashboard.tsx(1766,41): error TS17004: Cannot use JSX unless the '--jsx' flag is provided.
src/pages/CareStaffDashboard.tsx(1767,45): error TS17004: Cannot use JSX unless the '--jsx' flag is provided.
src/pages/CareStaffDashboard.tsx(1767,50): error TS17004: Cannot use JSX unless the '--jsx' flag is provided.
src/pages/CareStaffDashboard.tsx(1767,128): error TS17004: Cannot use JSX unless the '--jsx' flag is provided.
src/pages/CareStaffDashboard.tsx(1768,45): error TS17004: Cannot use JSX unless the '--jsx' flag is provided.
src/pages/CareStaffDashboard.tsx(1768,50): error TS17004: Cannot use JSX unless the '--jsx' flag is provided.
src/pages/CareStaffDashboard.tsx(1768,128): error TS17004: Cannot use JSX unless the '--jsx' flag is provided.
src/pages/CareStaffDashboard.tsx(1771,41): error TS17004: Cannot use JSX unless the '--jsx' flag is provided.
src/pages/CareStaffDashboard.tsx(1772,45): error TS17004: Cannot use JSX unless the '--jsx' flag is provided.
src/pages/CareStaffDashboard.tsx(1773,49): error TS17004: Cannot use JSX unless the '--jsx' flag is provided.
src/pages/CareStaffDashboard.tsx(1774,49): error TS17004: Cannot use JSX unless the '--jsx' flag is provided.
src/pages/CareStaffDashboard.tsx(1775,53): error TS17004: Cannot use JSX unless the '--jsx' flag is provided.
src/pages/CareStaffDashboard.tsx(1775,188): error TS17004: Cannot use JSX unless the '--jsx' flag is provided.
src/pages/CareStaffDashboard.tsx(1776,53): error TS17004: Cannot use JSX unless the '--jsx' flag is provided.
src/pages/CareStaffDashboard.tsx(1776,235): error TS17004: Cannot use JSX unless the '--jsx' flag is provided.
src/pages/CareStaffDashboard.tsx(1779,45): error TS17004: Cannot use JSX unless the '--jsx' flag is provided.
src/pages/CareStaffDashboard.tsx(1780,49): error TS17004: Cannot use JSX unless the '--jsx' flag is provided.
src/pages/CareStaffDashboard.tsx(1781,49): error TS17004: Cannot use JSX unless the '--jsx' flag is provided.
src/pages/CareStaffDashboard.tsx(1787,33): error TS17004: Cannot use JSX unless the '--jsx' flag is provided.
src/pages/CareStaffDashboard.tsx(1788,37): error TS17004: Cannot use JSX unless the '--jsx' flag is provided.
src/pages/CareStaffDashboard.tsx(1789,37): error TS17004: Cannot use JSX unless the '--jsx' flag is provided.
src/pages/CareStaffDashboard.tsx(1799,35): error TS2802: Type 'Set<any>' can only be iterated through when using the '--downlevelIteration' flag or with a '--target' of 'es2015' or higher.
src/pages/CareStaffDashboard.tsx(1800,40): error TS2802: Type 'Set<any>' can only be iterated through when using the '--downlevelIteration' flag or with a '--target' of 'es2015' or higher.
src/pages/CareStaffDashboard.tsx(1801,37): error TS2802: Type 'Set<any>' can only be iterated through when using the '--downlevelIteration' flag or with a '--target' of 'es2015' or higher.
src/pages/CareStaffDashboard.tsx(1802,38): error TS2802: Type 'Set<any>' can only be iterated through when using the '--downlevelIteration' flag or with a '--target' of 'es2015' or higher.
src/pages/CareStaffDashboard.tsx(1809,21): error TS17004: Cannot use JSX unless the '--jsx' flag is provided.
src/pages/CareStaffDashboard.tsx(1810,25): error TS17004: Cannot use JSX unless the '--jsx' flag is provided.
src/pages/CareStaffDashboard.tsx(1811,29): error TS17004: Cannot use JSX unless the '--jsx' flag is provided.
src/pages/CareStaffDashboard.tsx(1812,33): error TS17004: Cannot use JSX unless the '--jsx' flag is provided.
src/pages/CareStaffDashboard.tsx(1813,37): error TS17004: Cannot use JSX unless the '--jsx' flag is provided.
src/pages/CareStaffDashboard.tsx(1813,42): error TS17004: Cannot use JSX unless the '--jsx' flag is provided.
src/pages/CareStaffDashboard.tsx(1813,95): error TS17004: Cannot use JSX unless the '--jsx' flag is provided.
src/pages/CareStaffDashboard.tsx(1814,37): error TS17004: Cannot use JSX unless the '--jsx' flag is provided.
src/pages/CareStaffDashboard.tsx(1815,41): error TS17004: Cannot use JSX unless the '--jsx' flag is provided.
src/pages/CareStaffDashboard.tsx(1821,45): error TS17004: Cannot use JSX unless the '--jsx' flag is provided.
src/pages/CareStaffDashboard.tsx(1823,41): error TS17004: Cannot use JSX unless the '--jsx' flag is provided.
src/pages/CareStaffDashboard.tsx(1823,217): error TS17004: Cannot use JSX unless the '--jsx' flag is provided.
src/pages/CareStaffDashboard.tsx(1826,33): error TS17004: Cannot use JSX unless the '--jsx' flag is provided.
src/pages/CareStaffDashboard.tsx(1827,37): error TS17004: Cannot use JSX unless the '--jsx' flag is provided.
src/pages/CareStaffDashboard.tsx(1828,37): error TS17004: Cannot use JSX unless the '--jsx' flag is provided.
src/pages/CareStaffDashboard.tsx(1829,37): error TS17004: Cannot use JSX unless the '--jsx' flag is provided.
src/pages/CareStaffDashboard.tsx(1832,37): error TS17004: Cannot use JSX unless the '--jsx' flag is provided.
src/pages/CareStaffDashboard.tsx(1833,41): error TS17004: Cannot use JSX unless the '--jsx' flag is provided.
src/pages/CareStaffDashboard.tsx(1834,41): error TS17004: Cannot use JSX unless the '--jsx' flag is provided.
src/pages/CareStaffDashboard.tsx(1837,52): error TS17004: Cannot use JSX unless the '--jsx' flag is provided.
src/pages/CareStaffDashboard.tsx(1842,37): error TS17004: Cannot use JSX unless the '--jsx' flag is provided.
src/pages/CareStaffDashboard.tsx(1843,41): error TS17004: Cannot use JSX unless the '--jsx' flag is provided.
src/pages/CareStaffDashboard.tsx(1844,41): error TS17004: Cannot use JSX unless the '--jsx' flag is provided.
src/pages/CareStaffDashboard.tsx(1847,52): error TS17004: Cannot use JSX unless the '--jsx' flag is provided.
src/pages/CareStaffDashboard.tsx(1852,37): error TS17004: Cannot use JSX unless the '--jsx' flag is provided.
src/pages/CareStaffDashboard.tsx(1853,41): error TS17004: Cannot use JSX unless the '--jsx' flag is provided.
src/pages/CareStaffDashboard.tsx(1854,41): error TS17004: Cannot use JSX unless the '--jsx' flag is provided.
src/pages/CareStaffDashboard.tsx(1857,52): error TS17004: Cannot use JSX unless the '--jsx' flag is provided.
src/pages/CareStaffDashboard.tsx(1862,37): error TS17004: Cannot use JSX unless the '--jsx' flag is provided.
src/pages/CareStaffDashboard.tsx(1863,41): error TS17004: Cannot use JSX unless the '--jsx' flag is provided.
src/pages/CareStaffDashboard.tsx(1864,41): error TS17004: Cannot use JSX unless the '--jsx' flag is provided.
src/pages/CareStaffDashboard.tsx(1867,52): error TS17004: Cannot use JSX unless the '--jsx' flag is provided.
src/pages/CareStaffDashboard.tsx(1872,29): error TS17004: Cannot use JSX unless the '--jsx' flag is provided.
src/pages/CareStaffDashboard.tsx(1873,58): error TS17004: Cannot use JSX unless the '--jsx' flag is provided.
src/pages/CareStaffDashboard.tsx(1874,37): error TS17004: Cannot use JSX unless the '--jsx' flag is provided.
src/pages/CareStaffDashboard.tsx(1875,41): error TS17004: Cannot use JSX unless the '--jsx' flag is provided.
src/pages/CareStaffDashboard.tsx(1875,116): error TS17004: Cannot use JSX unless the '--jsx' flag is provided.
src/pages/CareStaffDashboard.tsx(1875,120): error TS17004: Cannot use JSX unless the '--jsx' flag is provided.
src/pages/CareStaffDashboard.tsx(1875,158): error TS17004: Cannot use JSX unless the '--jsx' flag is provided.
src/pages/CareStaffDashboard.tsx(1875,195): error TS17004: Cannot use JSX unless the '--jsx' flag is provided.
src/pages/CareStaffDashboard.tsx(1875,236): error TS17004: Cannot use JSX unless the '--jsx' flag is provided.
src/pages/CareStaffDashboard.tsx(1875,274): error TS17004: Cannot use JSX unless the '--jsx' flag is provided.
src/pages/CareStaffDashboard.tsx(1875,313): error TS17004: Cannot use JSX unless the '--jsx' flag is provided.
src/pages/CareStaffDashboard.tsx(1876,41): error TS17004: Cannot use JSX unless the '--jsx' flag is provided.
src/pages/CareStaffDashboard.tsx(1878,49): error TS17004: Cannot use JSX unless the '--jsx' flag is provided.
src/pages/CareStaffDashboard.tsx(1879,53): error TS17004: Cannot use JSX unless the '--jsx' flag is provided.
src/pages/CareStaffDashboard.tsx(1879,79): error TS17004: Cannot use JSX unless the '--jsx' flag is provided.
src/pages/CareStaffDashboard.tsx(1879,140): error TS17004: Cannot use JSX unless the '--jsx' flag is provided.
src/pages/CareStaffDashboard.tsx(1880,53): error TS17004: Cannot use JSX unless the '--jsx' flag is provided.
src/pages/CareStaffDashboard.tsx(1881,53): error TS17004: Cannot use JSX unless the '--jsx' flag is provided.
src/pages/CareStaffDashboard.tsx(1882,53): error TS17004: Cannot use JSX unless the '--jsx' flag is provided.
src/pages/CareStaffDashboard.tsx(1883,53): error TS17004: Cannot use JSX unless the '--jsx' flag is provided.
src/pages/CareStaffDashboard.tsx(1883,95): error TS17004: Cannot use JSX unless the '--jsx' flag is provided.
src/pages/CareStaffDashboard.tsx(1883,237): error TS17004: Cannot use JSX unless the '--jsx' flag is provided.
src/pages/CareStaffDashboard.tsx(1884,53): error TS17004: Cannot use JSX unless the '--jsx' flag is provided.
src/pages/CareStaffDashboard.tsx(1885,73): error TS17004: Cannot use JSX unless the '--jsx' flag is provided.
src/pages/CareStaffDashboard.tsx(1885,227): error TS17004: Cannot use JSX unless the '--jsx' flag is provided.
src/pages/CareStaffDashboard.tsx(1900,17): error TS17004: Cannot use JSX unless the '--jsx' flag is provided.
src/pages/CareStaffDashboard.tsx(1901,21): error TS17004: Cannot use JSX unless the '--jsx' flag is provided.
src/pages/CareStaffDashboard.tsx(1902,25): error TS17004: Cannot use JSX unless the '--jsx' flag is provided.
src/pages/CareStaffDashboard.tsx(1903,29): error TS17004: Cannot use JSX unless the '--jsx' flag is provided.
src/pages/CareStaffDashboard.tsx(1903,34): error TS17004: Cannot use JSX unless the '--jsx' flag is provided.
src/pages/CareStaffDashboard.tsx(1903,87): error TS17004: Cannot use JSX unless the '--jsx' flag is provided.
src/pages/CareStaffDashboard.tsx(1904,29): error TS17004: Cannot use JSX unless the '--jsx' flag is provided.
src/pages/CareStaffDashboard.tsx(1904,81): error TS17004: Cannot use JSX unless the '--jsx' flag is provided.
src/pages/CareStaffDashboard.tsx(1906,25): error TS17004: Cannot use JSX unless the '--jsx' flag is provided.
src/pages/CareStaffDashboard.tsx(1907,58): error TS17004: Cannot use JSX unless the '--jsx' flag is provided.
src/pages/CareStaffDashboard.tsx(1908,33): error TS17004: Cannot use JSX unless the '--jsx' flag is provided.
src/pages/CareStaffDashboard.tsx(1909,37): error TS17004: Cannot use JSX unless the '--jsx' flag is provided.
src/pages/CareStaffDashboard.tsx(1910,72): error TS17004: Cannot use JSX unless the '--jsx' flag is provided.
src/pages/CareStaffDashboard.tsx(1911,41): error TS17004: Cannot use JSX unless the '--jsx' flag is provided.
src/pages/CareStaffDashboard.tsx(1913,37): error TS17004: Cannot use JSX unless the '--jsx' flag is provided.
src/pages/CareStaffDashboard.tsx(1914,37): error TS17004: Cannot use JSX unless the '--jsx' flag is provided.
src/pages/CareStaffDashboard.tsx(1923,17): error TS17004: Cannot use JSX unless the '--jsx' flag is provided.
src/pages/CareStaffDashboard.tsx(1924,21): error TS17004: Cannot use JSX unless the '--jsx' flag is provided.
src/pages/CareStaffDashboard.tsx(1924,72): error TS17004: Cannot use JSX unless the '--jsx' flag is provided.
src/pages/CareStaffDashboard.tsx(1924,86): error TS17004: Cannot use JSX unless the '--jsx' flag is provided.
src/pages/CareStaffDashboard.tsx(1925,21): error TS17004: Cannot use JSX unless the '--jsx' flag is provided.
src/pages/CareStaffDashboard.tsx(1925,26): error TS17004: Cannot use JSX unless the '--jsx' flag is provided.
src/pages/CareStaffDashboard.tsx(1925,111): error TS17004: Cannot use JSX unless the '--jsx' flag is provided.
src/pages/CareStaffDashboard.tsx(1931,17): error TS17004: Cannot use JSX unless the '--jsx' flag is provided.
src/pages/CareStaffDashboard.tsx(1932,21): error TS17004: Cannot use JSX unless the '--jsx' flag is provided.
src/pages/CareStaffDashboard.tsx(1933,21): error TS17004: Cannot use JSX unless the '--jsx' flag is provided.
src/pages/CareStaffDashboard.tsx(1934,25): error TS17004: Cannot use JSX unless the '--jsx' flag is provided.
src/pages/CareStaffDashboard.tsx(1935,29): error TS17004: Cannot use JSX unless the '--jsx' flag is provided.
src/pages/CareStaffDashboard.tsx(1936,33): error TS17004: Cannot use JSX unless the '--jsx' flag is provided.
src/pages/CareStaffDashboard.tsx(1937,33): error TS17004: Cannot use JSX unless the '--jsx' flag is provided.
src/pages/CareStaffDashboard.tsx(1939,29): error TS17004: Cannot use JSX unless the '--jsx' flag is provided.
src/pages/CareStaffDashboard.tsx(1940,33): error TS17004: Cannot use JSX unless the '--jsx' flag is provided.
src/pages/CareStaffDashboard.tsx(1940,204): error TS17004: Cannot use JSX unless the '--jsx' flag is provided.
src/pages/CareStaffDashboard.tsx(1941,33): error TS17004: Cannot use JSX unless the '--jsx' flag is provided.
src/pages/CareStaffDashboard.tsx(1941,213): error TS17004: Cannot use JSX unless the '--jsx' flag is provided.
src/pages/CareStaffDashboard.tsx(1945,25): error TS17004: Cannot use JSX unless the '--jsx' flag is provided.
src/pages/CareStaffDashboard.tsx(1947,29): error TS17004: Cannot use JSX unless the '--jsx' flag is provided.
src/pages/CareStaffDashboard.tsx(1948,33): error TS17004: Cannot use JSX unless the '--jsx' flag is provided.
src/pages/CareStaffDashboard.tsx(1949,33): error TS17004: Cannot use JSX unless the '--jsx' flag is provided.
src/pages/CareStaffDashboard.tsx(1950,37): error TS17004: Cannot use JSX unless the '--jsx' flag is provided.
src/pages/CareStaffDashboard.tsx(1950,42): error TS17004: Cannot use JSX unless the '--jsx' flag is provided.
src/pages/CareStaffDashboard.tsx(1950,116): error TS17004: Cannot use JSX unless the '--jsx' flag is provided.
src/pages/CareStaffDashboard.tsx(1951,37): error TS17004: Cannot use JSX unless the '--jsx' flag is provided.
src/pages/CareStaffDashboard.tsx(1951,42): error TS17004: Cannot use JSX unless the '--jsx' flag is provided.
src/pages/CareStaffDashboard.tsx(1951,117): error TS17004: Cannot use JSX unless the '--jsx' flag is provided.
src/pages/CareStaffDashboard.tsx(1952,37): error TS17004: Cannot use JSX unless the '--jsx' flag is provided.
src/pages/CareStaffDashboard.tsx(1952,42): error TS17004: Cannot use JSX unless the '--jsx' flag is provided.
src/pages/CareStaffDashboard.tsx(1952,120): error TS17004: Cannot use JSX unless the '--jsx' flag is provided.
src/pages/CareStaffDashboard.tsx(1953,37): error TS17004: Cannot use JSX unless the '--jsx' flag is provided.
src/pages/CareStaffDashboard.tsx(1953,42): error TS17004: Cannot use JSX unless the '--jsx' flag is provided.
src/pages/CareStaffDashboard.tsx(1953,123): error TS17004: Cannot use JSX unless the '--jsx' flag is provided.
src/pages/CareStaffDashboard.tsx(1954,37): error TS17004: Cannot use JSX unless the '--jsx' flag is provided.
src/pages/CareStaffDashboard.tsx(1954,42): error TS17004: Cannot use JSX unless the '--jsx' flag is provided.
src/pages/CareStaffDashboard.tsx(1954,113): error TS17004: Cannot use JSX unless the '--jsx' flag is provided.
src/pages/CareStaffDashboard.tsx(1955,37): error TS17004: Cannot use JSX unless the '--jsx' flag is provided.
src/pages/CareStaffDashboard.tsx(1955,42): error TS17004: Cannot use JSX unless the '--jsx' flag is provided.
src/pages/CareStaffDashboard.tsx(1955,112): error TS17004: Cannot use JSX unless the '--jsx' flag is provided.
src/pages/CareStaffDashboard.tsx(1956,37): error TS17004: Cannot use JSX unless the '--jsx' flag is provided.
src/pages/CareStaffDashboard.tsx(1956,65): error TS17004: Cannot use JSX unless the '--jsx' flag is provided.
src/pages/CareStaffDashboard.tsx(1956,142): error TS17004: Cannot use JSX unless the '--jsx' flag is provided.
src/pages/CareStaffDashboard.tsx(1961,29): error TS17004: Cannot use JSX unless the '--jsx' flag is provided.
src/pages/CareStaffDashboard.tsx(1962,33): error TS17004: Cannot use JSX unless the '--jsx' flag is provided.
src/pages/CareStaffDashboard.tsx(1963,33): error TS17004: Cannot use JSX unless the '--jsx' flag is provided.
src/pages/CareStaffDashboard.tsx(1964,37): error TS17004: Cannot use JSX unless the '--jsx' flag is provided.
src/pages/CareStaffDashboard.tsx(1964,104): error TS17004: Cannot use JSX unless the '--jsx' flag is provided.
src/pages/CareStaffDashboard.tsx(1964,156): error TS17004: Cannot use JSX unless the '--jsx' flag is provided.
src/pages/CareStaffDashboard.tsx(1965,37): error TS17004: Cannot use JSX unless the '--jsx' flag is provided.
src/pages/CareStaffDashboard.tsx(1965,104): error TS17004: Cannot use JSX unless the '--jsx' flag is provided.
src/pages/CareStaffDashboard.tsx(1965,156): error TS17004: Cannot use JSX unless the '--jsx' flag is provided.
src/pages/CareStaffDashboard.tsx(1966,37): error TS17004: Cannot use JSX unless the '--jsx' flag is provided.
src/pages/CareStaffDashboard.tsx(1966,75): error TS17004: Cannot use JSX unless the '--jsx' flag is provided.
src/pages/CareStaffDashboard.tsx(1966,127): error TS17004: Cannot use JSX unless the '--jsx' flag is provided.
src/pages/CareStaffDashboard.tsx(1971,29): error TS17004: Cannot use JSX unless the '--jsx' flag is provided.
src/pages/CareStaffDashboard.tsx(1972,33): error TS17004: Cannot use JSX unless the '--jsx' flag is provided.
src/pages/CareStaffDashboard.tsx(1973,33): error TS17004: Cannot use JSX unless the '--jsx' flag is provided.
src/pages/CareStaffDashboard.tsx(1974,37): error TS17004: Cannot use JSX unless the '--jsx' flag is provided.
src/pages/CareStaffDashboard.tsx(1975,37): error TS17004: Cannot use JSX unless the '--jsx' flag is provided.
src/pages/CareStaffDashboard.tsx(1977,45): error TS17004: Cannot use JSX unless the '--jsx' flag is provided.
src/pages/CareStaffDashboard.tsx(1978,46): error TS17004: Cannot use JSX unless the '--jsx' flag is provided.
src/pages/CareStaffDashboard.tsx(1983,37): error TS17004: Cannot use JSX unless the '--jsx' flag is provided.
src/pages/CareStaffDashboard.tsx(1984,41): error TS17004: Cannot use JSX unless the '--jsx' flag is provided.
src/pages/CareStaffDashboard.tsx(1984,210): error TS17004: Cannot use JSX unless the '--jsx' flag is provided.
src/pages/CareStaffDashboard.tsx(1990,29): error TS17004: Cannot use JSX unless the '--jsx' flag is provided.
src/pages/CareStaffDashboard.tsx(1991,33): error TS17004: Cannot use JSX unless the '--jsx' flag is provided.
src/pages/CareStaffDashboard.tsx(1994,37): error TS17004: Cannot use JSX unless the '--jsx' flag is provided.
src/pages/CareStaffDashboard.tsx(1995,41): error TS17004: Cannot use JSX unless the '--jsx' flag is provided.
src/pages/CareStaffDashboard.tsx(1996,41): error TS17004: Cannot use JSX unless the '--jsx' flag is provided.
src/pages/CareStaffDashboard.tsx(1997,41): error TS17004: Cannot use JSX unless the '--jsx' flag is provided.
src/pages/CareStaffDashboard.tsx(2002,37): error TS17004: Cannot use JSX unless the '--jsx' flag is provided.
src/pages/CareStaffDashboard.tsx(2006,37): error TS17004: Cannot use JSX unless the '--jsx' flag is provided.
src/pages/CareStaffDashboard.tsx(2007,41): error TS17004: Cannot use JSX unless the '--jsx' flag is provided.
src/pages/CareStaffDashboard.tsx(2008,45): error TS17004: Cannot use JSX unless the '--jsx' flag is provided.
src/pages/CareStaffDashboard.tsx(2009,45): error TS17004: Cannot use JSX unless the '--jsx' flag is provided.
src/pages/CareStaffDashboard.tsx(2011,41): error TS17004: Cannot use JSX unless the '--jsx' flag is provided.
src/pages/CareStaffDashboard.tsx(2012,41): error TS17004: Cannot use JSX unless the '--jsx' flag is provided.
src/pages/CareStaffDashboard.tsx(2013,41): error TS17004: Cannot use JSX unless the '--jsx' flag is provided.
src/pages/CareStaffDashboard.tsx(2018,37): error TS17004: Cannot use JSX unless the '--jsx' flag is provided.
src/pages/CareStaffDashboard.tsx(2018,109): error TS17004: Cannot use JSX unless the '--jsx' flag is provided.
src/pages/CareStaffDashboard.tsx(2026,17): error TS17004: Cannot use JSX unless the '--jsx' flag is provided.
src/pages/CareStaffDashboard.tsx(2027,21): error TS17004: Cannot use JSX unless the '--jsx' flag is provided.
src/pages/CareStaffDashboard.tsx(2028,25): error TS17004: Cannot use JSX unless the '--jsx' flag is provided.
src/pages/CareStaffDashboard.tsx(2029,25): error TS17004: Cannot use JSX unless the '--jsx' flag is provided.
src/pages/CareStaffDashboard.tsx(2030,29): error TS17004: Cannot use JSX unless the '--jsx' flag is provided.
src/pages/CareStaffDashboard.tsx(2031,33): error TS17004: Cannot use JSX unless the '--jsx' flag is provided.
src/pages/CareStaffDashboard.tsx(2032,33): error TS17004: Cannot use JSX unless the '--jsx' flag is provided.
src/pages/CareStaffDashboard.tsx(2034,29): error TS17004: Cannot use JSX unless the '--jsx' flag is provided.
src/pages/CareStaffDashboard.tsx(2035,33): error TS17004: Cannot use JSX unless the '--jsx' flag is provided.
src/pages/CareStaffDashboard.tsx(2036,33): error TS17004: Cannot use JSX unless the '--jsx' flag is provided.
src/pages/CareStaffDashboard.tsx(2037,33): error TS17004: Cannot use JSX unless the '--jsx' flag is provided.
src/pages/CareStaffDashboard.tsx(2039,29): error TS17004: Cannot use JSX unless the '--jsx' flag is provided.
src/pages/CareStaffDashboard.tsx(2040,33): error TS17004: Cannot use JSX unless the '--jsx' flag is provided.
src/pages/CareStaffDashboard.tsx(2041,33): error TS17004: Cannot use JSX unless the '--jsx' flag is provided.
src/pages/CareStaffDashboard.tsx(2049,13): error TS17004: Cannot use JSX unless the '--jsx' flag is provided.
src/pages/CareStaffDashboard.tsx(2054,35): error TS17004: Cannot use JSX unless the '--jsx' flag is provided.
src/pages/CareStaffDashboard.tsx(2054,59): error TS17004: Cannot use JSX unless the '--jsx' flag is provided.
src/pages/CareStaffDashboard.tsx(2058,17): error TS17004: Cannot use JSX unless the '--jsx' flag is provided.
src/pages/CareStaffDashboard.tsx(2060,21): error TS17004: Cannot use JSX unless the '--jsx' flag is provided.
src/pages/CareStaffDashboard.tsx(2061,25): error TS17004: Cannot use JSX unless the '--jsx' flag is provided.
src/pages/CareStaffDashboard.tsx(2062,25): error TS17004: Cannot use JSX unless the '--jsx' flag is provided.
src/pages/CareStaffDashboard.tsx(2066,21): error TS17004: Cannot use JSX unless the '--jsx' flag is provided.
src/pages/CareStaffDashboard.tsx(2068,71): error TS17004: Cannot use JSX unless the '--jsx' flag is provided.
src/pages/CareStaffDashboard.tsx(2069,65): error TS17004: Cannot use JSX unless the '--jsx' flag is provided.
src/pages/CareStaffDashboard.tsx(2070,67): error TS17004: Cannot use JSX unless the '--jsx' flag is provided.
src/pages/CareStaffDashboard.tsx(2072,29): error TS17004: Cannot use JSX unless the '--jsx' flag is provided.
src/pages/CareStaffDashboard.tsx(2079,21): error TS17004: Cannot use JSX unless the '--jsx' flag is provided.
src/pages/CareStaffDashboard.tsx(2081,29): error TS17004: Cannot use JSX unless the '--jsx' flag is provided.
src/pages/CareStaffDashboard.tsx(2083,65): error TS17004: Cannot use JSX unless the '--jsx' flag is provided.
src/pages/CareStaffDashboard.tsx(2084,68): error TS17004: Cannot use JSX unless the '--jsx' flag is provided.
src/pages/CareStaffDashboard.tsx(2085,66): error TS17004: Cannot use JSX unless the '--jsx' flag is provided.
src/pages/CareStaffDashboard.tsx(2086,63): error TS17004: Cannot use JSX unless the '--jsx' flag is provided.
src/pages/CareStaffDashboard.tsx(2087,65): error TS17004: Cannot use JSX unless the '--jsx' flag is provided.
src/pages/CareStaffDashboard.tsx(2088,64): error TS17004: Cannot use JSX unless the '--jsx' flag is provided.
src/pages/CareStaffDashboard.tsx(2090,37): error TS17004: Cannot use JSX unless the '--jsx' flag is provided.
src/pages/CareStaffDashboard.tsx(2091,41): error TS17004: Cannot use JSX unless the '--jsx' flag is provided.
src/pages/CareStaffDashboard.tsx(2094,41): error TS17004: Cannot use JSX unless the '--jsx' flag is provided.
src/pages/CareStaffDashboard.tsx(2101,29): error TS17004: Cannot use JSX unless the '--jsx' flag is provided.
src/pages/CareStaffDashboard.tsx(2109,37): error TS17004: Cannot use JSX unless the '--jsx' flag is provided.
src/pages/CareStaffDashboard.tsx(2110,41): error TS17004: Cannot use JSX unless the '--jsx' flag is provided.
src/pages/CareStaffDashboard.tsx(2111,41): error TS17004: Cannot use JSX unless the '--jsx' flag is provided.
src/pages/CareStaffDashboard.tsx(2112,45): error TS17004: Cannot use JSX unless the '--jsx' flag is provided.
src/pages/CareStaffDashboard.tsx(2113,45): error TS17004: Cannot use JSX unless the '--jsx' flag is provided.
src/pages/CareStaffDashboard.tsx(2121,29): error TS17004: Cannot use JSX unless the '--jsx' flag is provided.
src/pages/CareStaffDashboard.tsx(2122,33): error TS17004: Cannot use JSX unless the '--jsx' flag is provided.
src/pages/CareStaffDashboard.tsx(2132,37): error TS17004: Cannot use JSX unless the '--jsx' flag is provided.
src/pages/CareStaffDashboard.tsx(2133,37): error TS17004: Cannot use JSX unless the '--jsx' flag is provided.
src/pages/CareStaffDashboard.tsx(2134,41): error TS17004: Cannot use JSX unless the '--jsx' flag is provided.
src/pages/CareStaffDashboard.tsx(2139,37): error TS17004: Cannot use JSX unless the '--jsx' flag is provided.
src/pages/CareStaffDashboard.tsx(2141,37): error TS17004: Cannot use JSX unless the '--jsx' flag is provided.
src/pages/CareStaffDashboard.tsx(2143,45): error TS17004: Cannot use JSX unless the '--jsx' flag is provided.
src/pages/CareStaffDashboard.tsx(2144,49): error TS17004: Cannot use JSX unless the '--jsx' flag is provided.
src/pages/CareStaffDashboard.tsx(2145,53): error TS17004: Cannot use JSX unless the '--jsx' flag is provided.
src/pages/CareStaffDashboard.tsx(2146,53): error TS17004: Cannot use JSX unless the '--jsx' flag is provided.
src/pages/CareStaffDashboard.tsx(2148,49): error TS17004: Cannot use JSX unless the '--jsx' flag is provided.
src/pages/CareStaffDashboard.tsx(2153,53): error TS17004: Cannot use JSX unless the '--jsx' flag is provided.
src/pages/CareStaffDashboard.tsx(2167,17): error TS17004: Cannot use JSX unless the '--jsx' flag is provided.
src/pages/CareStaffDashboard.tsx(2168,21): error TS17004: Cannot use JSX unless the '--jsx' flag is provided.
src/pages/CareStaffDashboard.tsx(2172,21): error TS17004: Cannot use JSX unless the '--jsx' flag is provided.
src/pages/CareStaffDashboard.tsx(2176,53): error TS17004: Cannot use JSX unless the '--jsx' flag is provided.
src/pages/CareStaffDashboard.tsx(2177,54): error TS17004: Cannot use JSX unless the '--jsx' flag is provided.
src/pages/CareStaffDashboard.tsx(2178,33): error TS17004: Cannot use JSX unless the '--jsx' flag is provided.
src/pages/CareStaffDashboard.tsx(2180,21): error TS17004: Cannot use JSX unless the '--jsx' flag is provided.
src/pages/CareStaffDashboard.tsx(2181,25): error TS17004: Cannot use JSX unless the '--jsx' flag is provided.
src/pages/CareStaffDashboard.tsx(2184,25): error TS17004: Cannot use JSX unless the '--jsx' flag is provided.
src/pages/CareStaffDashboard.tsx(2186,21): error TS17004: Cannot use JSX unless the '--jsx' flag is provided.
src/pages/CareStaffDashboard.tsx(2187,25): error TS17004: Cannot use JSX unless the '--jsx' flag is provided.
src/pages/CareStaffDashboard.tsx(2189,21): error TS17004: Cannot use JSX unless the '--jsx' flag is provided.
src/pages/CareStaffDashboard.tsx(2190,25): error TS17004: Cannot use JSX unless the '--jsx' flag is provided.
src/pages/CareStaffDashboard.tsx(2199,17): error TS17004: Cannot use JSX unless the '--jsx' flag is provided.
src/pages/CareStaffDashboard.tsx(2200,21): error TS17004: Cannot use JSX unless the '--jsx' flag is provided.
src/pages/CareStaffDashboard.tsx(2201,25): error TS17004: Cannot use JSX unless the '--jsx' flag is provided.
src/pages/CareStaffDashboard.tsx(2202,29): error TS17004: Cannot use JSX unless the '--jsx' flag is provided.
src/pages/CareStaffDashboard.tsx(2204,25): error TS17004: Cannot use JSX unless the '--jsx' flag is provided.
src/pages/CareStaffDashboard.tsx(2205,25): error TS17004: Cannot use JSX unless the '--jsx' flag is provided.
src/pages/CareStaffDashboard.tsx(2206,25): error TS17004: Cannot use JSX unless the '--jsx' flag is provided.
src/pages/CareStaffDashboard.tsx(2207,29): error TS17004: Cannot use JSX unless the '--jsx' flag is provided.
src/pages/CareStaffDashboard.tsx(2208,29): error TS17004: Cannot use JSX unless the '--jsx' flag is provided.
src/pages/CareStaffDashboard.tsx(2216,17): error TS17004: Cannot use JSX unless the '--jsx' flag is provided.
src/pages/CareStaffDashboard.tsx(2217,21): error TS17004: Cannot use JSX unless the '--jsx' flag is provided.
src/pages/CareStaffDashboard.tsx(2218,25): error TS17004: Cannot use JSX unless the '--jsx' flag is provided.
src/pages/CareStaffDashboard.tsx(2219,29): error TS17004: Cannot use JSX unless the '--jsx' flag is provided.
src/pages/CareStaffDashboard.tsx(2220,33): error TS17004: Cannot use JSX unless the '--jsx' flag is provided.
src/pages/CareStaffDashboard.tsx(2222,29): error TS17004: Cannot use JSX unless the '--jsx' flag is provided.
src/pages/CareStaffDashboard.tsx(2223,29): error TS17004: Cannot use JSX unless the '--jsx' flag is provided.
src/pages/CareStaffDashboard.tsx(2224,29): error TS17004: Cannot use JSX unless the '--jsx' flag is provided.
src/pages/CareStaffDashboard.tsx(2225,33): error TS17004: Cannot use JSX unless the '--jsx' flag is provided.
src/pages/CareStaffDashboard.tsx(2226,33): error TS17004: Cannot use JSX unless the '--jsx' flag is provided.
src/pages/CareStaffDashboard.tsx(2236,21): error TS17004: Cannot use JSX unless the '--jsx' flag is provided.
src/pages/CareStaffDashboard.tsx(2237,25): error TS17004: Cannot use JSX unless the '--jsx' flag is provided.
src/pages/CareStaffDashboard.tsx(2238,25): error TS17004: Cannot use JSX unless the '--jsx' flag is provided.
src/pages/CareStaffDashboard.tsx(2239,29): error TS17004: Cannot use JSX unless the '--jsx' flag is provided.
src/pages/CareStaffDashboard.tsx(2240,33): error TS17004: Cannot use JSX unless the '--jsx' flag is provided.
src/pages/CareStaffDashboard.tsx(2241,37): error TS17004: Cannot use JSX unless the '--jsx' flag is provided.
src/pages/CareStaffDashboard.tsx(2242,37): error TS17004: Cannot use JSX unless the '--jsx' flag is provided.
src/pages/CareStaffDashboard.tsx(2244,33): error TS17004: Cannot use JSX unless the '--jsx' flag is provided.
src/pages/CareStaffDashboard.tsx(2244,140): error TS17004: Cannot use JSX unless the '--jsx' flag is provided.
src/pages/CareStaffDashboard.tsx(2247,29): error TS17004: Cannot use JSX unless the '--jsx' flag is provided.
src/pages/CareStaffDashboard.tsx(2249,33): error TS17004: Cannot use JSX unless the '--jsx' flag is provided.
src/pages/CareStaffDashboard.tsx(2250,37): error TS17004: Cannot use JSX unless the '--jsx' flag is provided.
src/pages/CareStaffDashboard.tsx(2250,144): error TS17004: Cannot use JSX unless the '--jsx' flag is provided.
src/pages/CareStaffDashboard.tsx(2251,37): error TS17004: Cannot use JSX unless the '--jsx' flag is provided.
src/pages/CareStaffDashboard.tsx(2252,41): error TS17004: Cannot use JSX unless the '--jsx' flag is provided.
src/pages/CareStaffDashboard.tsx(2252,46): error TS17004: Cannot use JSX unless the '--jsx' flag is provided.
src/pages/CareStaffDashboard.tsx(2252,127): error TS17004: Cannot use JSX unless the '--jsx' flag is provided.
src/pages/CareStaffDashboard.tsx(2253,41): error TS17004: Cannot use JSX unless the '--jsx' flag is provided.
src/pages/CareStaffDashboard.tsx(2253,46): error TS17004: Cannot use JSX unless the '--jsx' flag is provided.
src/pages/CareStaffDashboard.tsx(2253,126): error TS17004: Cannot use JSX unless the '--jsx' flag is provided.
src/pages/CareStaffDashboard.tsx(2254,41): error TS17004: Cannot use JSX unless the '--jsx' flag is provided.
src/pages/CareStaffDashboard.tsx(2254,46): error TS17004: Cannot use JSX unless the '--jsx' flag is provided.
src/pages/CareStaffDashboard.tsx(2254,128): error TS17004: Cannot use JSX unless the '--jsx' flag is provided.
src/pages/CareStaffDashboard.tsx(2255,41): error TS17004: Cannot use JSX unless the '--jsx' flag is provided.
src/pages/CareStaffDashboard.tsx(2255,46): error TS17004: Cannot use JSX unless the '--jsx' flag is provided.
src/pages/CareStaffDashboard.tsx(2255,123): error TS17004: Cannot use JSX unless the '--jsx' flag is provided.
src/pages/CareStaffDashboard.tsx(2257,41): error TS17004: Cannot use JSX unless the '--jsx' flag is provided.
src/pages/CareStaffDashboard.tsx(2257,46): error TS17004: Cannot use JSX unless the '--jsx' flag is provided.
src/pages/CareStaffDashboard.tsx(2257,130): error TS17004: Cannot use JSX unless the '--jsx' flag is provided.
src/pages/CareStaffDashboard.tsx(2258,41): error TS17004: Cannot use JSX unless the '--jsx' flag is provided.
src/pages/CareStaffDashboard.tsx(2258,46): error TS17004: Cannot use JSX unless the '--jsx' flag is provided.
src/pages/CareStaffDashboard.tsx(2258,131): error TS17004: Cannot use JSX unless the '--jsx' flag is provided.
src/pages/CareStaffDashboard.tsx(2260,41): error TS17004: Cannot use JSX unless the '--jsx' flag is provided.
src/pages/CareStaffDashboard.tsx(2261,45): error TS17004: Cannot use JSX unless the '--jsx' flag is provided.
src/pages/CareStaffDashboard.tsx(2262,45): error TS17004: Cannot use JSX unless the '--jsx' flag is provided.
src/pages/CareStaffDashboard.tsx(2263,49): error TS17004: Cannot use JSX unless the '--jsx' flag is provided.
src/pages/CareStaffDashboard.tsx(2264,49): error TS17004: Cannot use JSX unless the '--jsx' flag is provided.
src/pages/CareStaffDashboard.tsx(2265,49): error TS17004: Cannot use JSX unless the '--jsx' flag is provided.
src/pages/CareStaffDashboard.tsx(2268,41): error TS17004: Cannot use JSX unless the '--jsx' flag is provided.
src/pages/CareStaffDashboard.tsx(2269,45): error TS17004: Cannot use JSX unless the '--jsx' flag is provided.
src/pages/CareStaffDashboard.tsx(2270,45): error TS17004: Cannot use JSX unless the '--jsx' flag is provided.
src/pages/CareStaffDashboard.tsx(2273,41): error TS17004: Cannot use JSX unless the '--jsx' flag is provided.
src/pages/CareStaffDashboard.tsx(2273,46): error TS17004: Cannot use JSX unless the '--jsx' flag is provided.
src/pages/CareStaffDashboard.tsx(2274,45): error TS17004: Cannot use JSX unless the '--jsx' flag is provided.
src/pages/CareStaffDashboard.tsx(2275,49): error TS17004: Cannot use JSX unless the '--jsx' flag is provided.
src/pages/CareStaffDashboard.tsx(2276,49): error TS17004: Cannot use JSX unless the '--jsx' flag is provided.
src/pages/CareStaffDashboard.tsx(2277,49): error TS17004: Cannot use JSX unless the '--jsx' flag is provided.
src/pages/CareStaffDashboard.tsx(2278,49): error TS17004: Cannot use JSX unless the '--jsx' flag is provided.
src/pages/CareStaffDashboard.tsx(2279,49): error TS17004: Cannot use JSX unless the '--jsx' flag is provided.
src/pages/CareStaffDashboard.tsx(2282,41): error TS17004: Cannot use JSX unless the '--jsx' flag is provided.
src/pages/CareStaffDashboard.tsx(2282,46): error TS17004: Cannot use JSX unless the '--jsx' flag is provided.
src/pages/CareStaffDashboard.tsx(2282,128): error TS17004: Cannot use JSX unless the '--jsx' flag is provided.
src/pages/CareStaffDashboard.tsx(2286,33): error TS17004: Cannot use JSX unless the '--jsx' flag is provided.
src/pages/CareStaffDashboard.tsx(2287,37): error TS17004: Cannot use JSX unless the '--jsx' flag is provided.
src/pages/CareStaffDashboard.tsx(2287,146): error TS17004: Cannot use JSX unless the '--jsx' flag is provided.
src/pages/CareStaffDashboard.tsx(2288,37): error TS17004: Cannot use JSX unless the '--jsx' flag is provided.
src/pages/CareStaffDashboard.tsx(2289,41): error TS17004: Cannot use JSX unless the '--jsx' flag is provided.
src/pages/CareStaffDashboard.tsx(2289,69): error TS17004: Cannot use JSX unless the '--jsx' flag is provided.
src/pages/CareStaffDashboard.tsx(2289,153): error TS17004: Cannot use JSX unless the '--jsx' flag is provided.
src/pages/CareStaffDashboard.tsx(2290,41): error TS17004: Cannot use JSX unless the '--jsx' flag is provided.
src/pages/CareStaffDashboard.tsx(2290,46): error TS17004: Cannot use JSX unless the '--jsx' flag is provided.
src/pages/CareStaffDashboard.tsx(2290,134): error TS17004: Cannot use JSX unless the '--jsx' flag is provided.
src/pages/CareStaffDashboard.tsx(2291,41): error TS17004: Cannot use JSX unless the '--jsx' flag is provided.
src/pages/CareStaffDashboard.tsx(2291,46): error TS17004: Cannot use JSX unless the '--jsx' flag is provided.
src/pages/CareStaffDashboard.tsx(2291,125): error TS17004: Cannot use JSX unless the '--jsx' flag is provided.
src/pages/CareStaffDashboard.tsx(2292,41): error TS17004: Cannot use JSX unless the '--jsx' flag is provided.
src/pages/CareStaffDashboard.tsx(2292,46): error TS17004: Cannot use JSX unless the '--jsx' flag is provided.
src/pages/CareStaffDashboard.tsx(2292,125): error TS17004: Cannot use JSX unless the '--jsx' flag is provided.
src/pages/CareStaffDashboard.tsx(2293,41): error TS17004: Cannot use JSX unless the '--jsx' flag is provided.
src/pages/CareStaffDashboard.tsx(2293,46): error TS17004: Cannot use JSX unless the '--jsx' flag is provided.
src/pages/CareStaffDashboard.tsx(2293,123): error TS17004: Cannot use JSX unless the '--jsx' flag is provided.
src/pages/CareStaffDashboard.tsx(2294,41): error TS17004: Cannot use JSX unless the '--jsx' flag is provided.
src/pages/CareStaffDashboard.tsx(2294,46): error TS17004: Cannot use JSX unless the '--jsx' flag is provided.
src/pages/CareStaffDashboard.tsx(2294,122): error TS17004: Cannot use JSX unless the '--jsx' flag is provided.
src/pages/CareStaffDashboard.tsx(2295,41): error TS17004: Cannot use JSX unless the '--jsx' flag is provided.
src/pages/CareStaffDashboard.tsx(2295,46): error TS17004: Cannot use JSX unless the '--jsx' flag is provided.
src/pages/CareStaffDashboard.tsx(2295,125): error TS17004: Cannot use JSX unless the '--jsx' flag is provided.
src/pages/CareStaffDashboard.tsx(2299,33): error TS17004: Cannot use JSX unless the '--jsx' flag is provided.
src/pages/CareStaffDashboard.tsx(2300,37): error TS17004: Cannot use JSX unless the '--jsx' flag is provided.
src/pages/CareStaffDashboard.tsx(2300,148): error TS17004: Cannot use JSX unless the '--jsx' flag is provided.
src/pages/CareStaffDashboard.tsx(2301,37): error TS17004: Cannot use JSX unless the '--jsx' flag is provided.
src/pages/CareStaffDashboard.tsx(2302,41): error TS17004: Cannot use JSX unless the '--jsx' flag is provided.
src/pages/CareStaffDashboard.tsx(2302,46): error TS17004: Cannot use JSX unless the '--jsx' flag is provided.
src/pages/CareStaffDashboard.tsx(2302,127): error TS17004: Cannot use JSX unless the '--jsx' flag is provided.
src/pages/CareStaffDashboard.tsx(2303,41): error TS17004: Cannot use JSX unless the '--jsx' flag is provided.
src/pages/CareStaffDashboard.tsx(2303,46): error TS17004: Cannot use JSX unless the '--jsx' flag is provided.
src/pages/CareStaffDashboard.tsx(2304,45): error TS17004: Cannot use JSX unless the '--jsx' flag is provided.
src/pages/CareStaffDashboard.tsx(2305,70): error TS17004: Cannot use JSX unless the '--jsx' flag is provided.
src/pages/CareStaffDashboard.tsx(2308,41): error TS17004: Cannot use JSX unless the '--jsx' flag is provided.
src/pages/CareStaffDashboard.tsx(2308,46): error TS17004: Cannot use JSX unless the '--jsx' flag is provided.
src/pages/CareStaffDashboard.tsx(2309,45): error TS17004: Cannot use JSX unless the '--jsx' flag is provided.
src/pages/CareStaffDashboard.tsx(2310,49): error TS17004: Cannot use JSX unless the '--jsx' flag is provided.
src/pages/CareStaffDashboard.tsx(2310,74): error TS17004: Cannot use JSX unless the '--jsx' flag is provided.
src/pages/CareStaffDashboard.tsx(2310,99): error TS17004: Cannot use JSX unless the '--jsx' flag is provided.
src/pages/CareStaffDashboard.tsx(2310,124): error TS17004: Cannot use JSX unless the '--jsx' flag is provided.
src/pages/CareStaffDashboard.tsx(2313,41): error TS17004: Cannot use JSX unless the '--jsx' flag is provided.
src/pages/CareStaffDashboard.tsx(2313,46): error TS17004: Cannot use JSX unless the '--jsx' flag is provided.
src/pages/CareStaffDashboard.tsx(2314,45): error TS17004: Cannot use JSX unless the '--jsx' flag is provided.
src/pages/CareStaffDashboard.tsx(2315,49): error TS17004: Cannot use JSX unless the '--jsx' flag is provided.
src/pages/CareStaffDashboard.tsx(2315,72): error TS17004: Cannot use JSX unless the '--jsx' flag is provided.
src/pages/CareStaffDashboard.tsx(2315,97): error TS17004: Cannot use JSX unless the '--jsx' flag is provided.
src/pages/CareStaffDashboard.tsx(2315,123): error TS17004: Cannot use JSX unless the '--jsx' flag is provided.
src/pages/CareStaffDashboard.tsx(2321,33): error TS17004: Cannot use JSX unless the '--jsx' flag is provided.
src/pages/CareStaffDashboard.tsx(2322,37): error TS17004: Cannot use JSX unless the '--jsx' flag is provided.
src/pages/CareStaffDashboard.tsx(2323,37): error TS17004: Cannot use JSX unless the '--jsx' flag is provided.
src/pages/CareStaffDashboard.tsx(2332,17): error TS17004: Cannot use JSX unless the '--jsx' flag is provided.
src/pages/CareStaffDashboard.tsx(2333,21): error TS17004: Cannot use JSX unless the '--jsx' flag is provided.
src/pages/CareStaffDashboard.tsx(2334,25): error TS17004: Cannot use JSX unless the '--jsx' flag is provided.
src/pages/CareStaffDashboard.tsx(2335,25): error TS17004: Cannot use JSX unless the '--jsx' flag is provided.
src/pages/CareStaffDashboard.tsx(2336,25): error TS17004: Cannot use JSX unless the '--jsx' flag is provided.
src/pages/CareStaffDashboard.tsx(2337,25): error TS17004: Cannot use JSX unless the '--jsx' flag is provided.
src/pages/CareStaffDashboard.tsx(2338,29): error TS17004: Cannot use JSX unless the '--jsx' flag is provided.
src/pages/CareStaffDashboard.tsx(2339,29): error TS17004: Cannot use JSX unless the '--jsx' flag is provided.
